../appication/src/send_data_esp32.c:56:6:CreateJSONString	296	static
../appication/src/send_data_esp32.c:132:9:SendJSONData	8	static
../appication/src/send_data_esp32.c:146:6:SendCommandToESP32	16	static
../appication/src/send_data_esp32.c:158:10:ReadESP32Response	16	static
../appication/src/send_data_esp32.c:180:6:ProcessESP32Response	16	static
../appication/src/send_data_esp32.c:209:6:SendDataToESP32	16	static
../appication/src/send_data_esp32.c:227:6:SendAlarmUpdate	16	static
../appication/src/send_data_esp32.c:289:6:UpdateMainLoopWithESP32	16	static
../appication/src/send_data_esp32.c:332:6:HandleDeviceControl	40	static
