../appication/src/sensor_system.c:17:6:InitSensorSystem	24	static
../appication/src/sensor_system.c:52:6:ProcessAllSensors	16	static
../appication/src/sensor_system.c:79:6:DisplaySystemStatus	48	static
../appication/src/sensor_system.c:107:6:TestSensorSystem	32	static
../appication/src/sensor_system.c:134:6:CalibrateSensors	144	static
../appication/src/sensor_system.c:260:9:CheckCalibrationConditions	112	static
../appication/src/sensor_system.c:307:9:ValidateCalibrationSample	16	static
../appication/src/sensor_system.c:317:9:ValidateR0Value	24	static
../appication/src/sensor_system.c:340:7:CalculateCV	40	static
../appication/src/sensor_system.c:360:7:CalculateAverage	24	static
../appication/src/sensor_system.c:368:6:TestCalibrationResult	48	static
../appication/src/sensor_system.c:383:6:SaveCalibrationToFlash	32	static
../appication/src/sensor_system.c:392:6:QuickCalibrateSensors	56	static
../appication/src/sensor_system.c:441:6:SetManualR0	16	static
../appication/src/sensor_system.c:470:7:GetNH3_PPM	4	static
../appication/src/sensor_system.c:477:7:GetH2S_PPM	4	static
../appication/src/sensor_system.c:484:14:GetNH3AlarmLevel	4	static
../appication/src/sensor_system.c:491:14:GetH2SAlarmLevel	4	static
../appication/src/sensor_system.c:498:14:GetSystemAlarmLevel	4	static
../appication/src/sensor_system.c:505:9:GetSystemStatus	4	static
../appication/src/sensor_system.c:511:6:SaveToHistory	8	static
../appication/src/sensor_system.c:519:6:UpdateSystemStatus	16	static
