../appication/src/sensor_system.c:17:6:InitSensorSystem	24	static
../appication/src/sensor_system.c:53:6:ProcessAllSensors	16	static
../appication/src/sensor_system.c:79:6:DisplaySystemStatus	48	static
../appication/src/sensor_system.c:107:6:TestSensorSystem	32	static
../appication/src/sensor_system.c:130:6:CalibrateSensors	56	static
../appication/src/sensor_system.c:183:7:GetNH3_PPM	4	static
../appication/src/sensor_system.c:190:7:GetCO2_PPM	4	static
../appication/src/sensor_system.c:197:14:GetNH3AlarmLevel	4	static
../appication/src/sensor_system.c:204:14:GetCO2AlarmLevel	4	static
../appication/src/sensor_system.c:211:14:GetSystemAlarmLevel	4	static
../appication/src/sensor_system.c:218:9:GetSystemStatus	4	static
../appication/src/sensor_system.c:224:6:SaveToHistory	8	static
../appication/src/sensor_system.c:232:6:UpdateSystemStatus	16	static
