../appication/src/sensor_system.c:17:6:InitSensorSystem	24	static
../appication/src/sensor_system.c:51:6:ProcessAllSensors	16	static
../appication/src/sensor_system.c:77:6:DisplaySystemStatus	48	static
../appication/src/sensor_system.c:105:6:TestSensorSystem	32	static
../appication/src/sensor_system.c:128:6:CalibrateSensors	56	static
../appication/src/sensor_system.c:181:7:GetNH3_PPM	4	static
../appication/src/sensor_system.c:188:7:GetCO2_PPM	4	static
../appication/src/sensor_system.c:195:14:GetNH3AlarmLevel	4	static
../appication/src/sensor_system.c:202:14:GetCO2AlarmLevel	4	static
../appication/src/sensor_system.c:209:14:GetSystemAlarmLevel	4	static
../appication/src/sensor_system.c:216:9:GetSystemStatus	4	static
../appication/src/sensor_system.c:222:6:SaveToHistory	8	static
../appication/src/sensor_system.c:230:6:UpdateSystemStatus	16	static
